## [8.0.0] - 2022-03-25

### Changed

- **Breaking:** switch to `classic-level` and `browser-level` ([\#215](https://github.com/Level/level/issues/215)) ([`ad22b21`](https://github.com/Level/level/commit/ad22b21)) (Vincent Weevers).

[8.0.0]: https://github.com/Level/level/releases/tag/v8.0.0
